// Jest Snapshot v1, https://goo.gl/fbAQLP

exports[`LinkPreview Component applies the various style props correctly 1`] = `
<div
  class="Container "
  data-testid="container"
  style="width: 400px; height: 400px; border-radius: 10px; text-align: left; margin: 10px; background-color: rgb(204, 204, 204); border-color: rgb(0, 0, 0);"
>
  <div
    class="Image"
    data-testid="image-container"
    style="border-top-left-radius: 10px; border-top-right-radius: 10px; height: 100px;"
  />
  <div
    class="LowerContainer"
  >
    <h3
      class="Title"
      data-testid="title"
      style="color: rgb(255, 255, 255);"
    >
      Predicted Barcelona lineup against Eibar | Barca Universal
    </h3>
    <span
      class="Description Secondary"
      data-testid="desc"
      style="color: rgb(240, 240, 240);"
    >
      For one final time this season, possibly for one last time under Ronald Koeman, Barcelona will take the field on Saturday. The season took a nosedive that few foresaw but left none surprised. Though Barcelona plays the relegated Eibar at the Ipurua, all eyes will be on the title decisive clashes of the two Madrid […]
    </span>
    <div
      class="Secondary SiteDetails"
      style="color: rgb(240, 240, 240);"
    >
      <span>
        Barca Universal
         • 
      </span>
      <span>
        barcauniversal.com
      </span>
    </div>
  </div>
</div>
`;

exports[`LinkPreview Component renders fallback correctly 1`] = `
<div>
  <div
    class="skeleton-container"
    style="width: 100%;"
  >
    <span
      aria-busy="true"
      aria-live="polite"
    >
      <span
        class="react-loading-skeleton"
        style="width: 100%; height: 30vh;"
      >
        ‌
      </span>
      <br />
    </span>
    <div
      class="skeleton-lower-container"
    >
      <span
        aria-busy="true"
        aria-live="polite"
      >
        <span
          class="react-loading-skeleton"
        >
          ‌
        </span>
        <br />
        <span
          class="react-loading-skeleton"
        >
          ‌
        </span>
        <br />
        <span
          class="react-loading-skeleton"
        >
          ‌
        </span>
        <br />
      </span>
    </div>
  </div>
</div>
`;

exports[`LinkPreview Component renders the component correctly 1`] = `
<div>
  <div
    class="skeleton-container"
    style="width: 100%;"
  >
    <span
      aria-busy="true"
      aria-live="polite"
    >
      <span
        class="react-loading-skeleton"
        style="width: 100%; height: 30vh;"
      >
        ‌
      </span>
      <br />
    </span>
    <div
      class="skeleton-lower-container"
    >
      <span
        aria-busy="true"
        aria-live="polite"
      >
        <span
          class="react-loading-skeleton"
        >
          ‌
        </span>
        <br />
        <span
          class="react-loading-skeleton"
        >
          ‌
        </span>
        <br />
        <span
          class="react-loading-skeleton"
        >
          ‌
        </span>
        <br />
      </span>
    </div>
  </div>
</div>
`;
